exports[`test ./test/fixtures/module.slicer.js 1`] = `
"./test/fixtures/module.js: multiply multiplies numbers together

    export { sum, multiply };

    function sum(a, b) {
      return a + b;
    }

    function multiply(a, b) {
      let product, i;
      product = 0;
      for (i = 0; i < b; i++) {
        product = sum(product, a);
      }
      return product;
    }
"
`;
